V "4.5.1.0 Apr  6 2017"
R
U 0
U 0
U 0
U 0
C 340
R
U 0
U 0
U 0
U 0
C 340
R
C 341
M "SimpleExample"
R
P 0
C 7
= 0x7f8dbf0e0e08
R
P 0x7f8dbf0e0e08
U 3
C 317
R
P 0x7f8dbf0e0e08
C 337
R
P 0x7f8dbf0e0e08
C 8
R
C 3
= 0x7f8dbed3bcf8
R
P 0x7f8dbed3bcf8
S "model"
S "true"
C 5
R
P 0x7f8dbed3bcf8
C 7
= 0x7f8dbf0e0e08
R
P 0x7f8dbed3bcf8
C 4
R
P 0x7f8dbf0e0e08
U 3
C 317
R
P 0x7f8dbf0e0e08
C 337
R
P 0x7f8dbf0e0e08
C 534
= 0x7f8dbed3f358
R
P 0x7f8dbf0e0e08
C 337
R
P 0x7f8dbf0e0e08
P 0x7f8dbed3f358
C 535
R
P 0x7f8dbf0e0e08
C 337
R
P 0x7f8dbf0e0e08
C 33
= 0x7f8dbf0da2d8
R
P 0x7f8dbf0e0e08
C 337
R
P 0x7f8dbf0e0e08
P 0x7f8dbf0da2d8
C 250
R
P 0x7f8dbf0e0e08
C 337
R
P 0x7f8dbf0e0e08
P 0x7f8dbf0da2d8
C 9
R
P 0x7f8dbf0e0e08
C 337
R
P 0x7f8dbf0e0e08
S "x"
C 30
R
P 0x7f8dbf0e0e08
C 337
R
P 0x7f8dbf0e0e08
$ |x|
C 195
R
P 0x7f8dbf0e0e08
C 337
R
P 0x7f8dbf0e0e08
$ |x|
P 0x7f8dbf0da2d8
C 50
= 0x7f8dbf0dac38
R
P 0x7f8dbf0e0e08
C 337
R
P 0x7f8dbf0e0e08
P 0x7f8dbf0dac38
C 250
R
P 0x7f8dbf0e0e08
C 337
R
P 0x7f8dbf0e0e08
P 0x7f8dbf0dac38
C 247
= 0x7f8dbf0da2d8
R
P 0x7f8dbf0e0e08
C 337
R
P 0x7f8dbf0e0e08
P 0x7f8dbf0da2d8
C 202
R
P 0x7f8dbf0e0e08
C 337
R
P 0x7f8dbf0e0e08
P 0x7f8dbf0dac38
C 253
R
P 0x7f8dbf0e0e08
C 337
R
P 0x7f8dbf0e0e08
P 0x7f8dbf0dac38
C 252
R
P 0x7f8dbf0e0e08
C 337
R
P 0x7f8dbf0e0e08
P 0x7f8dbf0dac38
C 251
R
P 0x7f8dbf0e0e08
C 337
R
P 0x7f8dbf0e0e08
P 0x7f8dbf0dac38
C 9
R
P 0x7f8dbf0e0e08
C 337
R
P 0x7f8dbf0e0e08
S "y"
C 30
R
P 0x7f8dbf0e0e08
C 337
R
P 0x7f8dbf0e0e08
$ |y|
C 195
R
P 0x7f8dbf0e0e08
C 337
R
P 0x7f8dbf0e0e08
$ |y|
P 0x7f8dbf0da2d8
C 50
= 0x7f8dbf0dac58
R
P 0x7f8dbf0e0e08
C 337
R
P 0x7f8dbf0e0e08
P 0x7f8dbf0dac58
C 250
R
P 0x7f8dbf0e0e08
C 337
R
P 0x7f8dbf0e0e08
P 0x7f8dbf0dac58
C 247
= 0x7f8dbf0da2d8
R
P 0x7f8dbf0e0e08
C 337
R
P 0x7f8dbf0e0e08
P 0x7f8dbf0da2d8
C 202
R
P 0x7f8dbf0e0e08
C 337
R
P 0x7f8dbf0e0e08
P 0x7f8dbf0dac58
C 253
R
P 0x7f8dbf0e0e08
C 337
R
P 0x7f8dbf0e0e08
P 0x7f8dbf0dac58
C 252
R
P 0x7f8dbf0e0e08
C 337
R
P 0x7f8dbf0e0e08
P 0x7f8dbf0dac58
C 251
R
P 0x7f8dbf0e0e08
C 337
R
P 0x7f8dbf0e0e08
P 0x7f8dbf0dac58
C 9
R
P 0x7f8dbf0e0e08
C 337
R
P 0x7f8dbf0e0e08
U 2
P 0x7f8dbf0dac38
P 0x7f8dbf0dac58
p 2
C 64
= 0x7f8dbf144fc8
R
P 0x7f8dbf0e0e08
C 337
R
P 0x7f8dbf0e0e08
P 0x7f8dbf144fc8
C 250
R
P 0x7f8dbf0e0e08
C 337
R
P 0x7f8dbf0e0e08
P 0x7f8dbf144fc8
C 247
= 0x7f8dbf0da2d8
R
P 0x7f8dbf0e0e08
C 337
R
P 0x7f8dbf0e0e08
P 0x7f8dbf0da2d8
C 202
R
P 0x7f8dbf0e0e08
C 337
R
P 0x7f8dbf0e0e08
P 0x7f8dbf144fc8
C 253
R
P 0x7f8dbf0e0e08
C 337
R
P 0x7f8dbf0e0e08
P 0x7f8dbf144fc8
C 252
R
P 0x7f8dbf0e0e08
C 337
R
P 0x7f8dbf0e0e08
P 0x7f8dbf144fc8
C 251
R
P 0x7f8dbf0e0e08
C 337
R
P 0x7f8dbf0e0e08
P 0x7f8dbf144fc8
C 9
R
P 0x7f8dbf0e0e08
C 337
R
P 0x7f8dbf0e0e08
I 10
P 0x7f8dbf0da2d8
C 146
= 0x7f8dbf0dac78
R
P 0x7f8dbf0e0e08
C 337
R
P 0x7f8dbf0e0e08
P 0x7f8dbf0dac78
C 251
R
P 0x7f8dbf0e0e08
C 337
R
P 0x7f8dbf0e0e08
P 0x7f8dbf0dac78
C 9
R
P 0x7f8dbf0e0e08
C 337
R
P 0x7f8dbf0e0e08
P 0x7f8dbf144fc8
P 0x7f8dbf0dac78
C 55
= 0x7f8dbf145000
R
P 0x7f8dbf0e0e08
C 337
R
P 0x7f8dbf0e0e08
P 0x7f8dbf145000
C 251
R
P 0x7f8dbf0e0e08
C 337
R
P 0x7f8dbf0e0e08
P 0x7f8dbf145000
C 9
R
P 0x7f8dbf0e0e08
C 337
R
P 0x7f8dbf0e0e08
I 0
P 0x7f8dbf0da2d8
C 146
= 0x7f8dbf0dac98
R
P 0x7f8dbf0e0e08
C 337
R
P 0x7f8dbf0e0e08
P 0x7f8dbf0dac98
C 251
R
P 0x7f8dbf0e0e08
C 337
R
P 0x7f8dbf0e0e08
P 0x7f8dbf0dac98
C 9
R
P 0x7f8dbf0e0e08
C 337
R
P 0x7f8dbf0e0e08
P 0x7f8dbf0dac38
P 0x7f8dbf0dac98
C 75
= 0x7f8dbf145038
R
P 0x7f8dbf0e0e08
C 337
R
P 0x7f8dbf0e0e08
P 0x7f8dbf145038
C 251
R
P 0x7f8dbf0e0e08
C 337
R
P 0x7f8dbf0e0e08
P 0x7f8dbf145038
C 9
R
P 0x7f8dbf0e0e08
C 337
R
P 0x7f8dbf0e0e08
I 0
P 0x7f8dbf0da2d8
C 146
= 0x7f8dbf0dac98
R
P 0x7f8dbf0e0e08
C 337
R
P 0x7f8dbf0e0e08
P 0x7f8dbf0dac98
C 251
R
P 0x7f8dbf0e0e08
C 337
R
P 0x7f8dbf0e0e08
P 0x7f8dbf0dac98
C 9
R
P 0x7f8dbf0e0e08
C 337
R
P 0x7f8dbf0e0e08
P 0x7f8dbf0dac58
P 0x7f8dbf0dac98
C 75
= 0x7f8dbf145070
R
P 0x7f8dbf0e0e08
C 337
R
P 0x7f8dbf0e0e08
P 0x7f8dbf145070
C 251
R
P 0x7f8dbf0e0e08
C 337
R
P 0x7f8dbf0e0e08
P 0x7f8dbf145070
C 9
R
P 0x7f8dbf0e0e08
C 337
R
P 0x7f8dbf0e0e08
P 0x7f8dbed3f358
P 0x7f8dbf145000
C 537
R
P 0x7f8dbf0e0e08
C 337
R
P 0x7f8dbf0e0e08
P 0x7f8dbed3f358
P 0x7f8dbf145038
C 537
R
P 0x7f8dbf0e0e08
C 337
R
P 0x7f8dbf0e0e08
P 0x7f8dbed3f358
P 0x7f8dbf145070
C 537
R
P 0x7f8dbf0e0e08
C 337
R
P 0x7f8dbf0e0e08
P 0x7f8dbed3f358
P 0x7f8dbf0dac38
C 539
R
P 0x7f8dbf0e0e08
C 337
R
P 0x7f8dbf0e0e08
P 0x7f8dbed3f358
P 0x7f8dbf0dac58
C 539
R
P 0x7f8dbf0e0e08
C 337
R
P 0x7f8dbf0e0e08
P 0x7f8dbed3f358
C 543
R
P 0x7f8dbf0e0e08
C 337
R
P 0x7f8dbf0e0e08
P 0x7f8dbed3f358
U 0
C 548
= 0x7f8dbf0dac78
R
P 0x7f8dbf0e0e08
C 337
R
P 0x7f8dbf0e0e08
P 0x7f8dbf0dac78
C 250
R
P 0x7f8dbf0e0e08
C 337
R
P 0x7f8dbf0e0e08
P 0x7f8dbf0dac78
C 247
= 0x7f8dbf0da2d8
R
P 0x7f8dbf0e0e08
C 337
R
P 0x7f8dbf0e0e08
P 0x7f8dbf0da2d8
C 202
R
P 0x7f8dbf0e0e08
C 337
R
P 0x7f8dbf0e0e08
P 0x7f8dbf0dac78
C 253
R
P 0x7f8dbf0e0e08
C 337
R
P 0x7f8dbf0e0e08
P 0x7f8dbf0dac78
C 252
R
P 0x7f8dbf0e0e08
C 337
R
P 0x7f8dbf0e0e08
P 0x7f8dbf0dac78
C 251
R
P 0x7f8dbf0e0e08
C 337
R
P 0x7f8dbf0e0e08
P 0x7f8dbf0dac78
C 9
R
P 0x7f8dbf0e0e08
C 337
R
P 0x7f8dbf0e0e08
P 0x7f8dbf0dac78
C 256
R
P 0x7f8dbf0e0e08
C 337
R
P 0x7f8dbf0e0e08
P 0x7f8dbed3f358
U 1
C 548
= 0x7f8dbf0dac98
R
P 0x7f8dbf0e0e08
C 337
R
P 0x7f8dbf0e0e08
P 0x7f8dbf0dac98
C 250
R
P 0x7f8dbf0e0e08
C 337
R
P 0x7f8dbf0e0e08
P 0x7f8dbf0dac98
C 247
= 0x7f8dbf0da2d8
R
P 0x7f8dbf0e0e08
C 337
R
P 0x7f8dbf0e0e08
P 0x7f8dbf0da2d8
C 202
R
P 0x7f8dbf0e0e08
C 337
R
P 0x7f8dbf0e0e08
P 0x7f8dbf0dac98
C 253
R
P 0x7f8dbf0e0e08
C 337
R
P 0x7f8dbf0e0e08
P 0x7f8dbf0dac98
C 252
R
P 0x7f8dbf0e0e08
C 337
R
P 0x7f8dbf0e0e08
P 0x7f8dbf0dac98
C 251
R
P 0x7f8dbf0e0e08
C 337
R
P 0x7f8dbf0e0e08
P 0x7f8dbf0dac98
C 9
R
P 0x7f8dbf0e0e08
C 337
R
P 0x7f8dbf0e0e08
P 0x7f8dbf0dac98
C 256
R
P 0x7f8dbf0e0e08
C 337
R
P 0x7f8dbf0e0e08
S "f"
C 30
R
P 0x7f8dbf0e0e08
C 337
R
P 0x7f8dbf0e0e08
$ |f|
C 195
R
P 0x7f8dbf0e0e08
C 337
R
P 0x7f8dbf0e0e08
S "x"
C 30
R
P 0x7f8dbf0e0e08
C 337
R
P 0x7f8dbf0e0e08
$ |x|
C 195
R
P 0x7f8dbf0e0e08
C 337
R
P 0x7f8dbf0e0e08
S "y"
C 30
R
P 0x7f8dbf0e0e08
C 337
R
P 0x7f8dbf0e0e08
$ |y|
C 195
R
P 0x7f8dbf0e0e08
C 337
R
P 0x7f8dbf0e0e08
C 32
= 0x7f8dbf0da218
R
P 0x7f8dbf0e0e08
C 337
R
P 0x7f8dbf0e0e08
P 0x7f8dbf0da218
C 250
R
P 0x7f8dbf0e0e08
C 337
R
P 0x7f8dbf0e0e08
P 0x7f8dbf0da218
C 9
R
P 0x7f8dbf0e0e08
C 337
R
P 0x7f8dbf0e0e08
$ |f|
U 2
P 0x7f8dbf0da218
P 0x7f8dbf0da218
p 2
P 0x7f8dbf0da218
C 48
= 0x7f8dbf142ed8
R
P 0x7f8dbf0e0e08
C 337
R
P 0x7f8dbf0e0e08
P 0x7f8dbf142ed8
C 250
R
P 0x7f8dbf0e0e08
C 337
R
P 0x7f8dbf0e0e08
P 0x7f8dbf142ed8
C 9
R
P 0x7f8dbf0e0e08
C 337
R
P 0x7f8dbf0e0e08
$ |x|
P 0x7f8dbf0da218
C 50
= 0x7f8dbf0daf98
R
P 0x7f8dbf0e0e08
C 337
R
P 0x7f8dbf0e0e08
P 0x7f8dbf0daf98
C 250
R
P 0x7f8dbf0e0e08
C 337
R
P 0x7f8dbf0e0e08
P 0x7f8dbf0daf98
C 247
= 0x7f8dbf0da218
R
P 0x7f8dbf0e0e08
C 337
R
P 0x7f8dbf0e0e08
P 0x7f8dbf0da218
C 202
R
P 0x7f8dbf0e0e08
C 337
R
P 0x7f8dbf0e0e08
P 0x7f8dbf0daf98
C 253
R
P 0x7f8dbf0e0e08
C 337
R
P 0x7f8dbf0e0e08
P 0x7f8dbf0daf98
C 252
R
P 0x7f8dbf0e0e08
C 337
R
P 0x7f8dbf0e0e08
P 0x7f8dbf0daf98
C 251
R
P 0x7f8dbf0e0e08
C 337
R
P 0x7f8dbf0e0e08
P 0x7f8dbf0daf98
C 9
R
P 0x7f8dbf0e0e08
C 337
R
P 0x7f8dbf0e0e08
$ |y|
P 0x7f8dbf0da218
C 50
= 0x7f8dbf0dafb8
R
P 0x7f8dbf0e0e08
C 337
R
P 0x7f8dbf0e0e08
P 0x7f8dbf0dafb8
C 250
R
P 0x7f8dbf0e0e08
C 337
R
P 0x7f8dbf0e0e08
P 0x7f8dbf0dafb8
C 247
= 0x7f8dbf0da218
R
P 0x7f8dbf0e0e08
C 337
R
P 0x7f8dbf0e0e08
P 0x7f8dbf0da218
C 202
R
P 0x7f8dbf0e0e08
C 337
R
P 0x7f8dbf0e0e08
P 0x7f8dbf0dafb8
C 253
R
P 0x7f8dbf0e0e08
C 337
R
P 0x7f8dbf0e0e08
P 0x7f8dbf0dafb8
C 252
R
P 0x7f8dbf0e0e08
C 337
R
P 0x7f8dbf0e0e08
P 0x7f8dbf0dafb8
C 251
R
P 0x7f8dbf0e0e08
C 337
R
P 0x7f8dbf0e0e08
P 0x7f8dbf0dafb8
C 9
R
P 0x7f8dbf0e0e08
C 337
R
P 0x7f8dbf0e0e08
P 0x7f8dbf142ed8
U 2
P 0x7f8dbf0daf98
P 0x7f8dbf0dafb8
p 2
C 49
= 0x7f8dbf1451f8
R
P 0x7f8dbf0e0e08
C 337
R
P 0x7f8dbf0e0e08
P 0x7f8dbf1451f8
C 250
R
P 0x7f8dbf0e0e08
C 337
R
P 0x7f8dbf0e0e08
P 0x7f8dbf1451f8
C 247
= 0x7f8dbf0da218
R
P 0x7f8dbf0e0e08
C 337
R
P 0x7f8dbf0e0e08
P 0x7f8dbf0da218
C 202
R
P 0x7f8dbf0e0e08
C 337
R
P 0x7f8dbf0e0e08
P 0x7f8dbf1451f8
C 253
R
P 0x7f8dbf0e0e08
C 337
R
P 0x7f8dbf0e0e08
P 0x7f8dbf1451f8
C 252
R
P 0x7f8dbf0e0e08
C 337
R
P 0x7f8dbf0e0e08
P 0x7f8dbf1451f8
C 251
R
P 0x7f8dbf0e0e08
C 337
R
P 0x7f8dbf0e0e08
P 0x7f8dbf1451f8
C 9
R
P 0x7f8dbf0e0e08
C 337
R
P 0x7f8dbf0e0e08
S "cp"
P 0x7f8dbf0da218
C 52
= 0x7f8dbf0dafd8
R
P 0x7f8dbf0e0e08
C 337
R
P 0x7f8dbf0e0e08
P 0x7f8dbf0dafd8
C 250
R
P 0x7f8dbf0e0e08
C 337
R
P 0x7f8dbf0e0e08
P 0x7f8dbf0dafd8
C 247
= 0x7f8dbf0da218
R
P 0x7f8dbf0e0e08
C 337
R
P 0x7f8dbf0e0e08
P 0x7f8dbf0da218
C 202
R
P 0x7f8dbf0e0e08
C 337
R
P 0x7f8dbf0e0e08
P 0x7f8dbf0dafd8
C 253
R
P 0x7f8dbf0e0e08
C 337
R
P 0x7f8dbf0e0e08
P 0x7f8dbf0dafd8
C 252
R
P 0x7f8dbf0e0e08
C 337
R
P 0x7f8dbf0e0e08
P 0x7f8dbf0dafd8
C 251
R
P 0x7f8dbf0e0e08
C 337
R
P 0x7f8dbf0e0e08
P 0x7f8dbf0dafd8
C 9
R
P 0x7f8dbf0e0e08
C 337
R
P 0x7f8dbf0e0e08
S "fp"
U 1
P 0x7f8dbf0da218
p 1
P 0x7f8dbf0da218
C 51
= 0x7f8dbf145230
R
P 0x7f8dbf0e0e08
C 337
R
P 0x7f8dbf0e0e08
P 0x7f8dbf145230
C 250
R
P 0x7f8dbf0e0e08
C 337
R
P 0x7f8dbf0e0e08
P 0x7f8dbf145230
C 9
R
P 0x7f8dbf0e0e08
C 337
R
P 0x7f8dbf0e0e08
P 0x7f8dbf145230
U 1
P 0x7f8dbf0dafd8
p 1
C 49
= 0x7f8dbf140ac8
R
P 0x7f8dbf0e0e08
C 337
R
P 0x7f8dbf0e0e08
P 0x7f8dbf140ac8
C 250
R
P 0x7f8dbf0e0e08
C 337
R
P 0x7f8dbf0e0e08
P 0x7f8dbf140ac8
C 247
= 0x7f8dbf0da218
R
P 0x7f8dbf0e0e08
C 337
R
P 0x7f8dbf0e0e08
P 0x7f8dbf0da218
C 202
R
P 0x7f8dbf0e0e08
C 337
R
P 0x7f8dbf0e0e08
P 0x7f8dbf140ac8
C 253
R
P 0x7f8dbf0e0e08
C 337
R
P 0x7f8dbf0e0e08
P 0x7f8dbf140ac8
C 252
R
P 0x7f8dbf0e0e08
C 337
R
P 0x7f8dbf0e0e08
P 0x7f8dbf140ac8
C 251
R
P 0x7f8dbf0e0e08
C 337
R
P 0x7f8dbf0e0e08
P 0x7f8dbf140ac8
C 9
R
P 0x7f8dbf0e0e08
C 337
R
P 0x7f8dbf0e0e08
P 0x7f8dbf1451f8
P 0x7f8dbf1451f8
C 55
= 0x7f8dbf145268
R
P 0x7f8dbf0e0e08
C 337
R
P 0x7f8dbf0e0e08
P 0x7f8dbf145268
C 251
R
P 0x7f8dbf0e0e08
C 337
R
P 0x7f8dbf0e0e08
P 0x7f8dbf145268
C 9
R
P 0x7f8dbf0e0e08
C 337
R
P 0x7f8dbf0e0e08
P 0x7f8dbf1451f8
P 0x7f8dbf140ac8
C 55
= 0x7f8dbf1452a0
R
P 0x7f8dbf0e0e08
C 337
R
P 0x7f8dbf0e0e08
P 0x7f8dbf1452a0
C 251
R
P 0x7f8dbf0e0e08
C 337
R
P 0x7f8dbf0e0e08
P 0x7f8dbf1452a0
C 9
R
P 0x7f8dbf0e0e08
C 337
R
P 0x7f8dbf0e0e08
I 1
I 0
I 0
C 346
= 0x7f8dbec31608
R
P 0x7f8dbf0e0e08
C 337
R
P 0x7f8dbf0e0e08
P 0x7f8dbec31608
C 347
R
P 0x7f8dbf0e0e08
C 337
R
P 0x7f8dbf0e0e08
P 0x7f8dbec31608
P 0x7f8dbf145268
C 350
R
P 0x7f8dbf0e0e08
C 337
R
P 0x7f8dbf0e0e08
P 0x7f8dbec31608
P 0x7f8dbf1452a0
C 350
R
P 0x7f8dbf0e0e08
C 337
R
P 0x7f8dbf0e0e08
P 0x7f8dbec31608
C 360
R
P 0x7f8dbf0e0e08
C 337
R
P 0x7f8dbf0e0e08
C 406
= 0x7f8dbec318a8
R
P 0x7f8dbf0e0e08
C 337
R
P 0x7f8dbf0e0e08
P 0x7f8dbec318a8
C 414
R
P 0x7f8dbf0e0e08
C 337
R
P 0x7f8dbf0e0e08
P 0x7f8dbec31608
C 354
R
P 0x7f8dbf0e0e08
C 337
R
P 0x7f8dbf0e0e08
P 0x7f8dbec31608
U 0
C 355
= 0x7f8dbf145268
R
P 0x7f8dbf0e0e08
C 337
R
P 0x7f8dbf0e0e08
P 0x7f8dbf145268
C 251
R
P 0x7f8dbf0e0e08
C 337
R
P 0x7f8dbf0e0e08
P 0x7f8dbf145268
C 9
R
P 0x7f8dbf0e0e08
C 337
R
P 0x7f8dbf0e0e08
P 0x7f8dbec31608
U 1
C 355
= 0x7f8dbf1452a0
R
P 0x7f8dbf0e0e08
C 337
R
P 0x7f8dbf0e0e08
P 0x7f8dbf1452a0
C 251
R
P 0x7f8dbf0e0e08
C 337
R
P 0x7f8dbf0e0e08
P 0x7f8dbf1452a0
C 9
R
P 0x7f8dbf0e0e08
C 337
R
P 0x7f8dbf0e0e08
P 0x7f8dbec318a8
P 0x7f8dbf145268
C 420
R
P 0x7f8dbf0e0e08
C 337
R
P 0x7f8dbf0e0e08
P 0x7f8dbec318a8
P 0x7f8dbf1452a0
C 420
R
P 0x7f8dbf0e0e08
C 337
R
P 0x7f8dbf0e0e08
P 0x7f8dbec318a8
C 423
R
P 0x7f8dbf0e0e08
C 337
R
P 0x7f8dbf0e0e08
S "simplify"
C 361
= 0x7f8dbec4fa88
R
P 0x7f8dbf0e0e08
C 337
R
P 0x7f8dbf0e0e08
P 0x7f8dbec4fa88
C 362
R
P 0x7f8dbf0e0e08
C 337
R
P 0x7f8dbf0e0e08
P 0x7f8dbec31608
C 360
R
P 0x7f8dbf0e0e08
C 337
R
P 0x7f8dbf0e0e08
P 0x7f8dbec4fa88
P 0x7f8dbec31608
C 398
= 0x7f8dbec4fb88
R
P 0x7f8dbf0e0e08
C 337
R
P 0x7f8dbf0e0e08
P 0x7f8dbec4fb88
C 400
R
P 0x7f8dbf0e0e08
C 337
R
P 0x7f8dbf0e0e08
P 0x7f8dbec4fb88
C 402
R
P 0x7f8dbf0e0e08
C 337
R
P 0x7f8dbf0e0e08
P 0x7f8dbec4fb88
C 403
R
P 0x7f8dbf0e0e08
C 337
R
P 0x7f8dbf0e0e08
P 0x7f8dbec4fb88
U 0
C 404
= 0x7f8dbec4f9d8
R
P 0x7f8dbf0e0e08
C 337
R
P 0x7f8dbf0e0e08
P 0x7f8dbec4f9d8
C 347
R
P 0x7f8dbf0e0e08
C 337
R
P 0x7f8dbf0e0e08
P 0x7f8dbec4f9d8
C 357
R
P 0x7f8dbf0e0e08
C 337
R
P 0x7f8dbf0e0e08
P 0x7f8dbec4f9d8
C 358
R
P 0x7f8dbf0e0e08
C 337
R
P 0x7f8dbf0e0e08
P 0x7f8dbec4fb88
C 403
R
P 0x7f8dbf0e0e08
C 337
R
P 0x7f8dbf0e0e08
P 0x7f8dbec4fb88
C 403
R
P 0x7f8dbf0e0e08
C 337
R
P 0x7f8dbf0e0e08
P 0x7f8dbec4fb88
U 0
C 404
= 0x7f8dbec4fa48
R
P 0x7f8dbf0e0e08
C 337
R
P 0x7f8dbf0e0e08
P 0x7f8dbec4fa48
C 347
R
P 0x7f8dbf0e0e08
C 337
R
P 0x7f8dbf0e0e08
P 0x7f8dbec4fa48
C 357
R
P 0x7f8dbf0e0e08
C 337
R
P 0x7f8dbf0e0e08
P 0x7f8dbec4fb88
C 403
R
P 0x7f8dbf0e0e08
C 337
R
P 0x7f8dbf0e0e08
P 0x7f8dbec4fb88
U 0
C 404
= 0x7f8dbec4fcb8
R
P 0x7f8dbf0e0e08
C 337
R
P 0x7f8dbf0e0e08
P 0x7f8dbec4fcb8
C 347
R
P 0x7f8dbf0e0e08
C 337
R
P 0x7f8dbf0e0e08
P 0x7f8dbec4fcb8
C 358
R
P 0x7f8dbf0e0e08
C 337
R
P 0x7f8dbf0e0e08
S "smt"
C 361
= 0x7f8dbec501c8
R
P 0x7f8dbf0e0e08
C 337
R
P 0x7f8dbf0e0e08
P 0x7f8dbec501c8
C 362
R
P 0x7f8dbf0e0e08
C 337
R
P 0x7f8dbf0e0e08
P 0x7f8dbec31608
C 360
R
P 0x7f8dbf0e0e08
C 337
R
P 0x7f8dbf0e0e08
P 0x7f8dbec501c8
P 0x7f8dbec31608
C 398
= 0x7f8dbec50248
R
P 0x7f8dbf0e0e08
C 337
R
P 0x7f8dbf0e0e08
P 0x7f8dbec50248
C 400
R
P 0x7f8dbf0e0e08
C 337
R
P 0x7f8dbf0e0e08
P 0x7f8dbec50248
C 402
R
P 0x7f8dbf0e0e08
C 337
R
P 0x7f8dbf0e0e08
P 0x7f8dbec50248
C 403
R
P 0x7f8dbf0e0e08
C 337
R
P 0x7f8dbf0e0e08
P 0x7f8dbec50248
U 0
C 404
= 0x7f8dbec59968
R
P 0x7f8dbf0e0e08
C 337
R
P 0x7f8dbf0e0e08
P 0x7f8dbec59968
C 347
R
P 0x7f8dbf0e0e08
C 337
R
P 0x7f8dbf0e0e08
P 0x7f8dbec59968
C 357
R
P 0x7f8dbf0e0e08
C 337
R
P 0x7f8dbf0e0e08
P 0x7f8dbec50248
C 403
R
P 0x7f8dbf0e0e08
C 337
R
P 0x7f8dbf0e0e08
P 0x7f8dbec50248
C 403
R
P 0x7f8dbf0e0e08
C 337
R
P 0x7f8dbf0e0e08
P 0x7f8dbec50248
U 0
C 404
= 0x7f8dbec59828
R
P 0x7f8dbf0e0e08
C 337
R
P 0x7f8dbf0e0e08
P 0x7f8dbec59828
C 347
R
P 0x7f8dbf0e0e08
C 337
R
P 0x7f8dbf0e0e08
P 0x7f8dbec59828
C 357
R
P 0x7f8dbf0e0e08
C 337
R
P 0x7f8dbf0e0e08
U 32
C 35
= 0x7f8dbf0da758
R
P 0x7f8dbf0e0e08
C 337
R
P 0x7f8dbf0e0e08
P 0x7f8dbf0da758
C 250
R
P 0x7f8dbf0e0e08
C 337
R
P 0x7f8dbf0e0e08
P 0x7f8dbf0da758
C 9
R
P 0x7f8dbf0e0e08
C 337
R
P 0x7f8dbf0e0e08
I 1
P 0x7f8dbf0da758
C 146
= 0x7f8dbf0db058
R
P 0x7f8dbf0e0e08
C 337
R
P 0x7f8dbf0e0e08
P 0x7f8dbf0db058
C 250
R
P 0x7f8dbf0e0e08
C 337
